[13:50:49] Starting NOVA-HAVEN (Forced Ruthless Controller)
[13:50:49] Running benchmark evaluation...
[13:52:13] Baseline Score: 82
[13:52:13] TELEGRAM: NOVA-HAVEN (Forced) started. Baseline benchmark score: 82/100.
[13:52:13] --- Iteration 1 ---
[13:52:13] Mutating MEMORY.md...
[13:55:07] Running benchmark evaluation...
[13:56:27] Iteration 1 Score: 94 (mutated MEMORY.md)
[13:56:27] Improvement! 82 -> 94. Keeping mutation.
[13:56:27] --- Iteration 2 ---
[13:56:27] Mutating HEARTBEAT.md...
[13:56:44] Running benchmark evaluation...
[13:57:51] Iteration 2 Score: 94 (mutated HEARTBEAT.md)
[13:57:51] Score 94 <= 94. Reverting HEARTBEAT.md.
[13:57:51] --- Iteration 3 ---
[13:57:51] Mutating SOUL.md...
[13:58:20] Running benchmark evaluation...
[13:59:29] Iteration 3 Score: 82 (mutated SOUL.md)
[13:59:29] Score 82 <= 94. Reverting SOUL.md.
[13:59:29] --- Iteration 4 ---
[13:59:29] Mutating MEMORY.md...
[14:00:22] Running benchmark evaluation...
[14:02:18] Iteration 4 Score: 85 (mutated MEMORY.md)
[14:02:18] Score 85 <= 94. Reverting MEMORY.md.
[14:02:18] --- Iteration 5 ---
[14:02:18] Mutating HEARTBEAT.md...
[14:02:40] Running benchmark evaluation...
[14:03:26] Iteration 5 Score: 94 (mutated HEARTBEAT.md)
[14:03:26] Score 94 <= 94. Reverting HEARTBEAT.md.
[14:03:26] --- Iteration 6 ---
[14:03:26] Mutating SOUL.md...
[14:03:52] Running benchmark evaluation...
[14:06:51] Iteration 6 Score: 94 (mutated SOUL.md)
[14:06:51] Score 94 <= 94. Reverting SOUL.md.
[14:06:51] --- Iteration 7 ---
[14:06:51] Mutating MEMORY.md...
[14:07:17] Running benchmark evaluation...
[14:08:11] Iteration 7 Score: 94 (mutated MEMORY.md)
[14:08:11] Score 94 <= 94. Reverting MEMORY.md.
[14:08:11] --- Iteration 8 ---
[14:08:11] Mutating HEARTBEAT.md...
[14:08:39] Running benchmark evaluation...
[14:09:25] Iteration 8 Score: 96 (mutated HEARTBEAT.md)
[14:09:25] Improvement! 94 -> 96. Keeping mutation.
[14:09:25] --- Iteration 9 ---
[14:09:25] Mutating SOUL.md...
[14:10:08] Running benchmark evaluation...
[14:11:58] Iteration 9 Score: 85 (mutated SOUL.md)
[14:11:58] Score 85 <= 96. Reverting SOUL.md.
[14:11:58] --- Iteration 10 ---
[14:11:58] Mutating MEMORY.md...
[14:12:16] Running benchmark evaluation...
[14:12:57] Iteration 10 Score: 72 (mutated MEMORY.md)
[14:12:57] Score 72 <= 96. Reverting MEMORY.md.
[14:12:57] Loop completed. Final Best Score: 96/100.
[14:12:57] TELEGRAM: NOVA-HAVEN (Forced) completed 10 iterations. Final best score: 96/100.
