/Users/roba/Library/Python/3.9/lib/python/site-packages/urllib3/__init__.py:35: NotOpenSSLWarning: urllib3 v2 only supports OpenSSL 1.1.1+, currently the 'ssl' module is compiled with 'LibreSSL 2.8.3'. See: https://github.com/urllib3/urllib3/issues/3020
  warnings.warn(
Querying Semantic Scholar for: hypnotic prosody and vocal tone
Rate limited (429). Waiting 30s...
Rate limited (429). Waiting 60s...
Rate limited (429). Waiting 90s...
Rate limited (429). Waiting 120s...
Rate limited (429). Waiting 150s...
Waiting 15 seconds before next query to avoid 429...
Querying Semantic Scholar for: biobehavioral synchrony hypnosis
Rate limited (429). Waiting 30s...
Rate limited (429). Waiting 60s...
Rate limited (429). Waiting 90s...
Rate limited (429). Waiting 120s...
Rate limited (429). Waiting 150s...
Waiting 15 seconds before next query to avoid 429...
Querying Semantic Scholar for: therapist expectancy effect hypnosis
Rate limited (429). Waiting 30s...
Rate limited (429). Waiting 60s...
Rate limited (429). Waiting 90s...
Rate limited (429). Waiting 120s...
Rate limited (429). Waiting 150s...
Waiting 15 seconds before next query to avoid 429...
Querying Semantic Scholar for: interpersonal neurobiology hypnosis
Rate limited (429). Waiting 30s...
Rate limited (429). Waiting 60s...
Rate limited (429). Waiting 90s...
Rate limited (429). Waiting 120s...
Rate limited (429). Waiting 150s...
Waiting 15 seconds before next query to avoid 429...
Successfully fetched 0 unique papers with abstracts.
Saved to phase2_corpus.json
